timeweb.ru
timeweb.cloud
afisha.ru
vprok.ru
tbank.ru
tinkoff.ru
sber.ru
sberbank.ru
top100.ru
alfabank.ru
servicecdn.ru
statad.ru
avito.ru
avito.st
lamoda.ru
aeroflot.ru
tutu.ru
nalog.ru
mts.ru
emias.info
sberbank.ru
vtb.ru
gazprombank.ru
alfabank.ru
psbank.ru
rshb.ru
rosbank.ru
raiffeisen.ru
unicredit.ru
otkritie.ru
wildberries.ru
ozon.ru
ozone.ru
ozon.com
dns-shop.ru
utkonos.ru
citilink.ru
mvideo.ru
apteka.ru
lamoda.ru
yandex.ru
russianfood.com
1000.menu
iamcook.ru
food.ru
pinkrabbit.ru
entero.ru
prostokvashino.ru
ohtapark.ru
foodeon.com
teremok.ru
google.com
youtube.com
vk.com
mail.ru
rambler.ru
rutube.ru
adriver.ru
magnit.ru
lenta.ru
x5.ru
metro-cc.ru
eldorado.ru
technopark.ru
svyaznoy.ru
mtt.ru
beeline.ru
megafon.ru
rostelecom.ru
mts.ru
dikidi.net
avito.ru
rzd.ru
ruiz.fp.kaspersky-labs.com
fp.kaspersky-labs.com
m-22900.fp.kaspersky-labs.com
rt.ru
emias.info
emias.ru
kinopoisk.ru
yandex.net
mos.ru
almatel.ru
aladdin.ru
appsflyersdk.com
2ip.ru
yandex.ru
ctx.playfamily.ru
rov-cdp-r1.playfamily.ru
stat.okko.tv
stat.playfamily.ru
stat2.okko.tv
static.okko.tv
okko.tv
okko.sport
plus.yandex.ru
top-fwz1.mail.ru
kinopoisk.ru
ru.kinopoisk.tv
api.plus.yandex.net
graphql.kinopoisk.ru
ma.kinopoisk.ru

